// Jest Snapshot v1, https://goo.gl/fbAQLP

exports[`Should render the DashboardPage correctly 1`] = `
<div>
  <Connect(ExpensesSummery) />
  <Connect(ExpenseListFilters) />
  <Connect(ExpenseList) />
</div>
`;
