// Jest Snapshot v1, https://goo.gl/fbAQLP

exports[`Should render the NotFoundPage correctly 1`] = `
<div>
  404! - 
  <Link
    to="/"
  >
     Home Page
  </Link>
</div>
`;
